Archive member included to satisfy reference by file (symbol)

C:/ST/STM32CubeIDE_1.19.0/STM32CubeIDE/plugins/com.st.stm32cube.ide.mcu.externaltools.gnu-tools-for-stm32.14.3.rel1.win32_1.0.100.202602081740/tools/bin/../lib/gcc/arm-none-eabi/14.3.1/../../../../arm-none-eabi/lib/thumb/v7e-m+fp/hard\libc_nano.a(libc_a-exit.o)
                              C:/ST/STM32CubeIDE_1.19.0/STM32CubeIDE/plugins/com.st.stm32cube.ide.mcu.externaltools.gnu-tools-for-stm32.14.3.rel1.win32_1.0.100.202602081740/tools/bin/../lib/gcc/arm-none-eabi/14.3.1/../../../../arm-none-eabi/lib/thumb/v7e-m+fp/hard/crt0.o (exit)
C:/ST/STM32CubeIDE_1.19.0/STM32CubeIDE/plugins/com.st.stm32cube.ide.mcu.externaltools.gnu-tools-for-stm32.14.3.rel1.win32_1.0.100.202602081740/tools/bin/../lib/gcc/arm-none-eabi/14.3.1/../../../../arm-none-eabi/lib/thumb/v7e-m+fp/hard\libc_nano.a(libc_a-findfp.o)
                              C:/ST/STM32CubeIDE_1.19.0/STM32CubeIDE/plugins/com.st.stm32cube.ide.mcu.externaltools.gnu-tools-for-stm32.14.3.rel1.win32_1.0.100.202602081740/tools/bin/../lib/gcc/arm-none-eabi/14.3.1/../../../../arm-none-eabi/lib/thumb/v7e-m+fp/hard\libc_nano.a(libc_a-exit.o) (__stdio_exit_handler)
C:/ST/STM32CubeIDE_1.19.0/STM32CubeIDE/plugins/com.st.stm32cube.ide.mcu.externaltools.gnu-tools-for-stm32.14.3.rel1.win32_1.0.100.202602081740/tools/bin/../lib/gcc/arm-none-eabi/14.3.1/../../../../arm-none-eabi/lib/thumb/v7e-m+fp/hard\libc_nano.a(libc_a-fwalk.o)
                              C:/ST/STM32CubeIDE_1.19.0/STM32CubeIDE/plugins/com.st.stm32cube.ide.mcu.externaltools.gnu-tools-for-stm32.14.3.rel1.win32_1.0.100.202602081740/tools/bin/../lib/gcc/arm-none-eabi/14.3.1/../../../../arm-none-eabi/lib/thumb/v7e-m+fp/hard\libc_nano.a(libc_a-findfp.o) (_fwalk_sglue)
C:/ST/STM32CubeIDE_1.19.0/STM32CubeIDE/plugins/com.st.stm32cube.ide.mcu.externaltools.gnu-tools-for-stm32.14.3.rel1.win32_1.0.100.202602081740/tools/bin/../lib/gcc/arm-none-eabi/14.3.1/../../../../arm-none-eabi/lib/thumb/v7e-m+fp/hard\libc_nano.a(libc_a-stdio.o)
                              C:/ST/STM32CubeIDE_1.19.0/STM32CubeIDE/plugins/com.st.stm32cube.ide.mcu.externaltools.gnu-tools-for-stm32.14.3.rel1.win32_1.0.100.202602081740/tools/bin/../lib/gcc/arm-none-eabi/14.3.1/../../../../arm-none-eabi/lib/thumb/v7e-m+fp/hard\libc_nano.a(libc_a-findfp.o) (__sread)
C:/ST/STM32CubeIDE_1.19.0/STM32CubeIDE/plugins/com.st.stm32cube.ide.mcu.externaltools.gnu-tools-for-stm32.14.3.rel1.win32_1.0.100.202602081740/tools/bin/../lib/gcc/arm-none-eabi/14.3.1/../../../../arm-none-eabi/lib/thumb/v7e-m+fp/hard\libc_nano.a(libc_a-memset.o)
                              C:/ST/STM32CubeIDE_1.19.0/STM32CubeIDE/plugins/com.st.stm32cube.ide.mcu.externaltools.gnu-tools-for-stm32.14.3.rel1.win32_1.0.100.202602081740/tools/bin/../lib/gcc/arm-none-eabi/14.3.1/../../../../arm-none-eabi/lib/thumb/v7e-m+fp/hard/crt0.o (memset)
C:/ST/STM32CubeIDE_1.19.0/STM32CubeIDE/plugins/com.st.stm32cube.ide.mcu.externaltools.gnu-tools-for-stm32.14.3.rel1.win32_1.0.100.202602081740/tools/bin/../lib/gcc/arm-none-eabi/14.3.1/../../../../arm-none-eabi/lib/thumb/v7e-m+fp/hard\libc_nano.a(libc_a-closer.o)
                              C:/ST/STM32CubeIDE_1.19.0/STM32CubeIDE/plugins/com.st.stm32cube.ide.mcu.externaltools.gnu-tools-for-stm32.14.3.rel1.win32_1.0.100.202602081740/tools/bin/../lib/gcc/arm-none-eabi/14.3.1/../../../../arm-none-eabi/lib/thumb/v7e-m+fp/hard\libc_nano.a(libc_a-stdio.o) (_close_r)
C:/ST/STM32CubeIDE_1.19.0/STM32CubeIDE/plugins/com.st.stm32cube.ide.mcu.externaltools.gnu-tools-for-stm32.14.3.rel1.win32_1.0.100.202602081740/tools/bin/../lib/gcc/arm-none-eabi/14.3.1/../../../../arm-none-eabi/lib/thumb/v7e-m+fp/hard\libc_nano.a(libc_a-reent.o)
                              C:/ST/STM32CubeIDE_1.19.0/STM32CubeIDE/plugins/com.st.stm32cube.ide.mcu.externaltools.gnu-tools-for-stm32.14.3.rel1.win32_1.0.100.202602081740/tools/bin/../lib/gcc/arm-none-eabi/14.3.1/../../../../arm-none-eabi/lib/thumb/v7e-m+fp/hard\libc_nano.a(libc_a-closer.o) (errno)
C:/ST/STM32CubeIDE_1.19.0/STM32CubeIDE/plugins/com.st.stm32cube.ide.mcu.externaltools.gnu-tools-for-stm32.14.3.rel1.win32_1.0.100.202602081740/tools/bin/../lib/gcc/arm-none-eabi/14.3.1/../../../../arm-none-eabi/lib/thumb/v7e-m+fp/hard\libc_nano.a(libc_a-impure.o)
                              C:/ST/STM32CubeIDE_1.19.0/STM32CubeIDE/plugins/com.st.stm32cube.ide.mcu.externaltools.gnu-tools-for-stm32.14.3.rel1.win32_1.0.100.202602081740/tools/bin/../lib/gcc/arm-none-eabi/14.3.1/../../../../arm-none-eabi/lib/thumb/v7e-m+fp/hard\libc_nano.a(libc_a-reent.o) (_impure_ptr)
C:/ST/STM32CubeIDE_1.19.0/STM32CubeIDE/plugins/com.st.stm32cube.ide.mcu.externaltools.gnu-tools-for-stm32.14.3.rel1.win32_1.0.100.202602081740/tools/bin/../lib/gcc/arm-none-eabi/14.3.1/../../../../arm-none-eabi/lib/thumb/v7e-m+fp/hard\libc_nano.a(libc_a-lseekr.o)
[...]
Memory Configuration

Name             Origin             Length             Attributes
CCMRAM           0x10000000         0x00010000         xrw
RAM              0x20000000         0x00040000         xrw
FLASH            0x08000000         0x00200000         xr
*default*        0x00000000         0xffffffff

Linker script and memory map

LOAD C:/ST/STM32CubeIDE_1.19.0/STM32CubeIDE/plugins/com.st.stm32cube.ide.mcu.externaltools.gnu-tools-for-stm32.14.3.rel1.win32_1.0.100.202602081740/tools/bin/../lib/gcc/arm-none-eabi/14.3.1/thumb/v7e-m+fp/hard/crti.o
LOAD C:/ST/STM32CubeIDE_1.19.0/STM32CubeIDE/plugins/com.st.stm32cube.ide.mcu.externaltools.gnu-tools-for-stm32.14.3.rel1.win32_1.0.100.202602081740/tools/bin/../lib/gcc/arm-none-eabi/14.3.1/thumb/v7e-m+fp/hard/crtbegin.o
LOAD C:/ST/STM32CubeIDE_1.19.0/STM32CubeIDE/plugins/com.st.stm32cube.ide.mcu.externaltools.gnu-tools-for-stm32.14.3.rel1.win32_1.0.100.202602081740/tools/bin/../lib/gcc/arm-none-eabi/14.3.1/../../../../arm-none-eabi/lib/thumb/v7e-m+fp/hard/crt0.o
LOAD ./Src/main.o
LOAD ./Src/myConfig.o
LOAD ./Src/spi1.o
LOAD ./Src/syscalls.o
LOAD ./Src/sysmem.o
LOAD ./Src/timers.o
LOAD ./Startup/startup_stm32f469nihx.o
START GROUP
LOAD C:/ST/STM32CubeIDE_1.19.0/STM32CubeIDE/plugins/com.st.stm32cube.ide.mcu.externaltools.gnu-tools-for-stm32.14.3.rel1.win32_1.0.100.202602081740/tools/bin/../lib/gcc/arm-none-eabi/14.3.1/../../../../arm-none-eabi/lib/thumb/v7e-m+fp/hard\libstdc++_nano.a
LOAD C:/ST/STM32CubeIDE_1.19.0/STM32CubeIDE/plugins/com.st.stm32cube.ide.mcu.externaltools.gnu-tools-for-stm32.14.3.rel1.win32_1.0.100.202602081740/tools/bin/../lib/gcc/arm-none-eabi/14.3.1/../../../../arm-none-eabi/lib/thumb/v7e-m+fp/hard\libsupc++_nano.a
END GROUP
LOAD C:/ST/STM32CubeIDE_1.19.0/STM32CubeIDE/plugins/com.st.stm32cube.ide.mcu.externaltools.gnu-tools-for-stm32.14.3.rel1.win32_1.0.100.202602081740/tools/bin/../lib/gcc/arm-none-eabi/14.3.1/../../../../arm-none-eabi/lib/thumb/v7e-m+fp/hard\libstdc++_nano.a
LOAD C:/ST/STM32CubeIDE_1.19.0/STM32CubeIDE/plugins/com.st.stm32cube.ide.mcu.externaltools.gnu-tools-for-stm32.14.3.rel1.win32_1.0.100.202602081740/tools/bin/../lib/gcc/arm-none-eabi/14.3.1/../../../../arm-none-eabi/lib/thumb/v7e-m+fp/hard\libm.a
LOAD C:/ST/STM32CubeIDE_1.19.0/STM32CubeIDE/plugins/com.st.stm32cube.ide.mcu.externaltools.gnu-tools-for-stm32.14.3.rel1.win32_1.0.100.202602081740/tools/bin/../lib/gcc/arm-none-eabi/14.3.1/../../../../arm-none-eabi/lib/thumb/v7e-m+fp/hard\libc_nano.a
START GROUP
LOAD C:/ST/STM32CubeIDE_1.19.0/STM32CubeIDE/plugins/com.st.stm32cube.ide.mcu.externaltools.gnu-tools-for-stm32.14.3.rel1.win32_1.0.100.202602081740/tools/bin/../lib/gcc/arm-none-eabi/14.3.1/thumb/v7e-m+fp/hard\libgcc.a
LOAD C:/ST/STM32CubeIDE_1.19.0/STM32CubeIDE/plugins/com.st.stm32cube.ide.mcu.externaltools.gnu-tools-for-stm32.14.3.rel1.win32_1.0.100.202602081740/tools/bin/../lib/gcc/arm-none-eabi/14.3.1/../../../../arm-none-eabi/lib/thumb/v7e-m+fp/hard\libc_nano.a
END GROUP
START GROUP
LOAD C:/ST/STM32CubeIDE_1.19.0/STM32CubeIDE/plugins/com.st.stm32cube.ide.mcu.externaltools.gnu-tools-for-stm32.14.3.rel1.win32_1.0.100.202602081740/tools/bin/../lib/gcc/arm-none-eabi/14.3.1/thumb/v7e-m+fp/hard\libgcc.a
LOAD C:/ST/STM32CubeIDE_1.19.0/STM32CubeIDE/plugins/com.st.stm32cube.ide.mcu.externaltools.gnu-tools-for-stm32.14.3.rel1.win32_1.0.100.202602081740/tools/bin/../lib/gcc/arm-none-eabi/14.3.1/../../../../arm-none-eabi/lib/thumb/v7e-m+fp/hard\libc_nano.a
LOAD C:/ST/STM32CubeIDE_1.19.0/STM32CubeIDE/plugins/com.st.stm32cube.ide.mcu.externaltools.gnu-tools-for-stm32.14.3.rel1.win32_1.0.100.202602081740/tools/bin/../lib/gcc/arm-none-eabi/14.3.1/../../../../arm-none-eabi/lib/thumb/v7e-m+fp/hard\libnosys.a
END GROUP
START GROUP
LOAD C:/ST/STM32CubeIDE_1.19.0/STM32CubeIDE/plugins/com.st.stm32cube.ide.mcu.externaltools.gnu-tools-for-stm32.14.3.rel1.win32_1.0.100.202602081740/tools/bin/../lib/gcc/arm-none-eabi/14.3.1/thumb/v7e-m+fp/hard\libgcc.a
LOAD C:/ST/STM32CubeIDE_1.19.0/STM32CubeIDE/plugins/com.st.stm32cube.ide.mcu.externaltools.gnu-tools-for-stm32.14.3.rel1.win32_1.0.100.202602081740/tools/bin/../lib/gcc/arm-none-eabi/14.3.1/../../../../arm-none-eabi/lib/thumb/v7e-m+fp/hard\libc_nano.a
LOAD C:/ST/STM32CubeIDE_1.19.0/STM32CubeIDE/plugins/com.st.stm32cube.ide.mcu.externaltools.gnu-tools-for-stm32.14.3.rel1.win32_1.0.100.202602081740/tools/bin/../lib/gcc/arm-none-eabi/14.3.1/../../../../arm-none-eabi/lib/thumb/v7e-m+fp/hard\libnosys.a
END GROUP
LOAD C:/ST/STM32CubeIDE_1.19.0/STM32CubeIDE/plugins/com.st.stm32cube.ide.mcu.externaltools.gnu-tools-for-stm32.14.3.rel1.win32_1.0.100.202602081740/tools/bin/../lib/gcc/arm-none-eabi/14.3.1/thumb/v7e-m+fp/hard/crtend.o
LOAD C:/ST/STM32CubeIDE_1.19.0/STM32CubeIDE/plugins/com.st.stm32cube.ide.mcu.externaltools.gnu-tools-for-stm32.14.3.rel1.win32_1.0.100.202602081740/tools/bin/../lib/gcc/arm-none-eabi/14.3.1/thumb/v7e-m+fp/hard/crtn.o
                0x20040000                        _estack = (ORIGIN (RAM) + LENGTH (RAM))
                0x00000200                        _Min_Heap_Size = 0x200
                0x00000400                        _Min_Stack_Size = 0x400

.isr_vector     0x08000000      0x1b0
                0x08000000                        . = ALIGN (0x4)
 *(.isr_vector)
 .isr_vector    0x08000000      0x1b0 ./Startup/startup_stm32f469nihx.o
                0x08000000                g_pfnVectors
                0x080001b0                        . = ALIGN (0x4)

.text           0x080001b0      0xab8
                0x080001b0                        . = ALIGN (0x4)
 *(.text)
 .text          0x080001b0       0x40 C:/ST/STM32CubeIDE_1.19.0/STM32CubeIDE/plugins/com.st.stm32cube.ide.mcu.externaltools.gnu-tools-for-stm32.14.3.rel1.win32_1.0.100.202602081740/tools/bin/../lib/gcc/arm-none-eabi/14.3.1/thumb/v7e-m+fp/hard/crtbegin.o
 *(.text*)
 .text.main     0x080001f0       0x8c ./Src/main.o
                0x080001f0                main
 .text.activateFPU
                0x0800027c       0x20 ./Src/myConfig.o
                0x0800027c                activateFPU
 .text.SysClockConfig
                0x0800029c      0x150 ./Src/myConfig.o
                0x0800029c                SysClockConfig
 .text.GPIO_Config
                0x080003ec       0xec ./Src/myConfig.o
                0x080003ec                GPIO_Config
 .text.InterruptGPIO_Config
                0x080004d8       0xb0 ./Src/myConfig.o
                0x080004d8                InterruptGPIO_Config
 .text._Z17Spi1_LowLevelInitv
                0x08000588       0xc4 ./Src/spi1.o
                0x08000588                Spi1_LowLevelInit()
 .text._ZN9SpiDriverC2ERK17SpiHardwareConfig
                0x0800064c        0xc ./Src/spi1.o
                0x0800064c                SpiDriver::SpiDriver(SpiHardwareConfig const&)
                0x0800064c                SpiDriver::SpiDriver(SpiHardwareConfig const&)
 .text._ZN9SpiDriver13ClearDmaFlagsEP18DMA_Stream_TypeDef
                0x08000658       0xf8 ./Src/spi1.o
                0x08000658                SpiDriver::ClearDmaFlags(DMA_Stream_TypeDef*)
 .text._ZN9SpiDriver12ConfigureDmaEv
                0x08000750      0x13c ./Src/spi1.o
                0x08000750                SpiDriver::ConfigureDma()
 .text._ZN9SpiDriver4InitE17BaudRatePrescaler
                0x0800088c       0x46 ./Src/spi1.o
                0x0800088c                SpiDriver::Init(BaudRatePrescaler)
 .text._ZN9SpiDriver27TransmitReceive_PollingLoopESt4spanIKhLj4294967295EES0_IhLj4294967295EEm
                0x080008d2      0x16e ./Src/spi1.o
                0x080008d2                SpiDriver::TransmitReceive_PollingLoop(std::span<unsigned char const, 4294967295u>, std::span<unsigned char, 4294967295u>, unsigned long)
 .text._ZN9SpiDriver17Handle_DMA_RX_IRQEv
                0x08000a40       0x2a ./Src/spi1.o
                0x08000a40                SpiDriver::Handle_DMA_RX_IRQ()
 .text._ZN9SpiDriver17Handle_DMA_TX_IRQEv
                0x08000a6a       0x36 ./Src/spi1.o
                0x08000a6a                SpiDriver::Handle_DMA_TX_IRQ()
 .text.DMA2_Stream2_IRQHandler
                0x08000aa0       0x1c ./Src/spi1.o
                0x08000aa0                DMA2_Stream2_IRQHandler
 .text.DMA2_Stream3_IRQHandler
                0x08000abc       0x1c ./Src/spi1.o
                0x08000abc                DMA2_Stream3_IRQHandler
 .text._GLOBAL__sub_I__ZN9SpiDriverC2ERK17SpiHardwareConfig
                0x08000ad8       0x14 ./Src/spi1.o
 .text.SysTick_Init
                0x08000aec       0x58 ./Src/timers.o
                0x08000aec                SysTick_Init
 .text.SysTick_Handler
                0x08000b44       0x10 ./Src/timers.o
                0x08000b44                SysTick_Handler
 .text.GetSysTick
                0x08000b54        0xc ./Src/timers.o
                0x08000b54                GetSysTick
 .text.NBdelay_ms
                0x08000b60       0x14 ./Src/timers.o
                0x08000b60                NBdelay_ms
 .text.RTC_WKUP_IRQHandler
                0x08000b74       0x40 ./Src/timers.o
                0x08000b74                RTC_WKUP_IRQHandler
 .text.Reset_Handler
                0x08000bb4       0x50 ./Startup/startup_stm32f469nihx.o
                0x08000bb4                Reset_Handler
 .text.Default_Handler
                0x08000c04        0x2 ./Startup/startup_stm32f469nihx.o
                0x08000c04                RTC_Alarm_IRQHandler
                0x08000c04                HASH_RNG_IRQHandler
                0x08000c04                EXTI2_IRQHandler
                0x08000c04                TIM8_CC_IRQHandler
                0x08000c04                DebugMon_Handler
                0x08000c04                UART8_IRQHandler
                0x08000c04                SPI4_IRQHandler
                0x08000c04                TIM1_CC_IRQHandler
                0x08000c04                DMA2_Stream5_IRQHandler
                0x08000c04                HardFault_Handler
                0x08000c04                DMA1_Stream5_IRQHandler
                0x08000c04                PVD_IRQHandler
                0x08000c04                SDIO_IRQHandler
                0x08000c04                TAMP_STAMP_IRQHandler
                0x08000c04                PendSV_Handler
                0x08000c04                NMI_Handler
                0x08000c04                CAN2_RX1_IRQHandler
                0x08000c04                EXTI3_IRQHandler
                0x08000c04                TIM8_TRG_COM_TIM14_IRQHandler
                0x08000c04                TIM1_UP_TIM10_IRQHandler
                0x08000c04                TIM8_UP_TIM13_IRQHandler
                0x08000c04                I2C3_ER_IRQHandler
                0x08000c04                LCD_TFT_IRQHandler
                0x08000c04                EXTI0_IRQHandler
                0x08000c04                I2C2_EV_IRQHandler
                0x08000c04                DMA1_Stream2_IRQHandler
                0x08000c04                CAN1_RX0_IRQHandler
                0x08000c04                OTG_HS_WKUP_IRQHandler
                0x08000c04                UsageFault_Handler
                0x08000c04                CAN2_SCE_IRQHandler
                0x08000c04                SPI1_IRQHandler
                0x08000c04                TIM6_DAC_IRQHandler
                0x08000c04                TIM1_BRK_TIM9_IRQHandler
                0x08000c04                DCMI_IRQHandler
                0x08000c04                CAN2_RX0_IRQHandler
                0x08000c04                USART6_IRQHandler
                0x08000c04                USART3_IRQHandler
                0x08000c04                CRYP_IRQHandler
                0x08000c04                CAN1_RX1_IRQHandler
                0x08000c04                UART5_IRQHandler
                0x08000c04                DMA2_Stream0_IRQHandler
                0x08000c04                TIM4_IRQHandler
                0x08000c04                QUADSPI_IRQHandler
                0x08000c04                I2C1_EV_IRQHandler
                0x08000c04                DMA1_Stream6_IRQHandler
                0x08000c04                DMA1_Stream1_IRQHandler
                0x08000c04                UART4_IRQHandler
                0x08000c04                LCD_TFT_1_IRQHandler
                0x08000c04                TIM3_IRQHandler
                0x08000c04                RCC_IRQHandler
                0x08000c04                TIM8_BRK_TIM12_IRQHandler
                0x08000c04                Default_Handler
                0x08000c04                EXTI15_10_IRQHandler
                0x08000c04                ADC_IRQHandler
                0x08000c04                DMA1_Stream7_IRQHandler
                0x08000c04                SPI5_IRQHandler
                0x08000c04                TIM7_IRQHandler
                0x08000c04                CAN2_TX_IRQHandler
                0x08000c04                TIM5_IRQHandler
                0x08000c04                DMA2_Stream7_IRQHandler
                0x08000c04                I2C3_EV_IRQHandler
                0x08000c04                EXTI9_5_IRQHandler
                0x08000c04                ETH_WKUP_IRQHandler
                0x08000c04                SPI2_IRQHandler
                0x08000c04                OTG_HS_EP1_IN_IRQHandler
                0x08000c04                MemManage_Handler
                0x08000c04                DMA1_Stream0_IRQHandler
                0x08000c04                CAN1_TX_IRQHandler
                0x08000c04                SVC_Handler
                0x08000c04                EXTI4_IRQHandler
                0x08000c04                ETH_IRQHandler
                0x08000c04                OTG_HS_EP1_OUT_IRQHandler
                0x08000c04                WWDG_IRQHandler
                0x08000c04                SPI6_IRQHandler
                0x08000c04                TIM2_IRQHandler
                0x08000c04                OTG_FS_WKUP_IRQHandler
                0x08000c04                TIM1_TRG_COM_TIM11_IRQHandler
                0x08000c04                OTG_HS_IRQHandler
                0x08000c04                DMA2D_IRQHandler
                0x08000c04                EXTI1_IRQHandler
                0x08000c04                UART7_IRQHandler
                0x08000c04                USART2_IRQHandler
                0x08000c04                I2C2_ER_IRQHandler
                0x08000c04                DMA2_Stream1_IRQHandler
                0x08000c04                CAN1_SCE_IRQHandler
                0x08000c04                FLASH_IRQHandler
                0x08000c04                DMA2_Stream4_IRQHandler
                0x08000c04                BusFault_Handler
                0x08000c04                USART1_IRQHandler
                0x08000c04                OTG_FS_IRQHandler
                0x08000c04                SPI3_IRQHandler
                0x08000c04                DMA1_Stream4_IRQHandler
                0x08000c04                I2C1_ER_IRQHandler
                0x08000c04                FMC_IRQHandler
                0x08000c04                DMA2_Stream6_IRQHandler
                0x08000c04                SAI1_IRQHandler
                0x08000c04                DMA1_Stream3_IRQHandler
 *fill*         0x08000c06        0x2 
 .text.__libc_init_array
                0x08000c08       0x48 C:/ST/STM32CubeIDE_1.19.0/STM32CubeIDE/plugins/com.st.stm32cube.ide.mcu.externaltools.gnu-tools-for-stm32.14.3.rel1.win32_1.0.100.202602081740/tools/bin/../lib/gcc/arm-none-eabi/14.3.1/../../../../arm-none-eabi/lib/thumb/v7e-m+fp/hard\libc_nano.a(libc_a-init.o)
                0x08000c08                __libc_init_array
 *(.glue_7)
 .glue_7        0x08000c50        0x0 linker stubs
 *(.glue_7t)
 .glue_7t       0x08000c50        0x0 linker stubs
 *(.eh_frame)
 .eh_frame      0x08000c50        0x0 C:/ST/STM32CubeIDE_1.19.0/STM32CubeIDE/plugins/com.st.stm32cube.ide.mcu.externaltools.gnu-tools-for-stm32.14.3.rel1.win32_1.0.100.202602081740/tools/bin/../lib/gcc/arm-none-eabi/14.3.1/thumb/v7e-m+fp/hard/crtbegin.o
 *(.init)
 .init          0x08000c50        0x4 C:/ST/STM32CubeIDE_1.19.0/STM32CubeIDE/plugins/com.st.stm32cube.ide.mcu.externaltools.gnu-tools-for-stm32.14.3.rel1.win32_1.0.100.202602081740/tools/bin/../lib/gcc/arm-none-eabi/14.3.1/thumb/v7e-m+fp/hard/crti.o
                0x08000c50                _init
 .init          0x08000c54        0x8 C:/ST/STM32CubeIDE_1.19.0/STM32CubeIDE/plugins/com.st.stm32cube.ide.mcu.externaltools.gnu-tools-for-stm32.14.3.rel1.win32_1.0.100.202602081740/tools/bin/../lib/gcc/arm-none-eabi/14.3.1/thumb/v7e-m+fp/hard/crtn.o
 *(.fini)
 .fini          0x08000c5c        0x4 C:/ST/STM32CubeIDE_1.19.0/STM32CubeIDE/plugins/com.st.stm32cube.ide.mcu.externaltools.gnu-tools-for-stm32.14.3.rel1.win32_1.0.100.202602081740/tools/bin/../lib/gcc/arm-none-eabi/14.3.1/thumb/v7e-m+fp/hard/crti.o
                0x08000c5c                _fini
 .fini          0x08000c60        0x8 C:/ST/STM32CubeIDE_1.19.0/STM32CubeIDE/plugins/com.st.stm32cube.ide.mcu.externaltools.gnu-tools-for-stm32.14.3.rel1.win32_1.0.100.202602081740/tools/bin/../lib/gcc/arm-none-eabi/14.3.1/thumb/v7e-m+fp/hard/crtn.o
                0x08000c68                        . = ALIGN (0x4)
                0x08000c68                        _etext = .

.vfp11_veneer   0x08000c68        0x0
 .vfp11_veneer  0x08000c68        0x0 linker stubs

.v4_bx          0x08000c68        0x0
 .v4_bx         0x08000c68        0x0 linker stubs

.iplt           0x08000c68        0x0
 .iplt          0x08000c68        0x0 C:/ST/STM32CubeIDE_1.19.0/STM32CubeIDE/plugins/com.st.stm32cube.ide.mcu.externaltools.gnu-tools-for-stm32.14.3.rel1.win32_1.0.100.202602081740/tools/bin/../lib/gcc/arm-none-eabi/14.3.1/thumb/v7e-m+fp/hard/crtbegin.o

.rodata         0x08000c68       0x24
                0x08000c68                        . = ALIGN (0x4)
 *(.rodata)
 *(.rodata*)
 .rodata.main.str1.4
                0x08000c68        0x6 ./Src/main.o
 *fill*         0x08000c6e        0x2 
 .rodata._ZL10Spi1Config
                0x08000c70       0x1c ./Src/spi1.o
                0x08000c8c                        . = ALIGN (0x4)

.ARM.extab      0x08000c8c        0x0
                0x08000c8c                        . = ALIGN (0x4)
 *(.ARM.extab* .gnu.linkonce.armextab.*)
                0x08000c8c                        . = ALIGN (0x4)

.ARM            0x08000c8c        0x0
                0x08000c8c                        . = ALIGN (0x4)
                0x08000c8c                        __exidx_start = .
 *(.ARM.exidx*)
                0x08000c8c                        __exidx_end = .
                0x08000c8c                        . = ALIGN (0x4)

.preinit_array  0x08000c8c        0x0
                0x08000c8c                        . = ALIGN (0x4)
                0x08000c8c                        PROVIDE (__preinit_array_start = .)
 *(.preinit_array*)
                0x08000c8c                        PROVIDE (__preinit_array_end = .)
                0x08000c8c                        . = ALIGN (0x4)

.init_array     0x08000c8c        0x8
                0x08000c8c                        . = ALIGN (0x4)
                0x08000c8c                        PROVIDE (__init_array_start = .)
 *(SORT_BY_NAME(.init_array.*))
 *(.init_array*)
 .init_array    0x08000c8c        0x4 C:/ST/STM32CubeIDE_1.19.0/STM32CubeIDE/plugins/com.st.stm32cube.ide.mcu.externaltools.gnu-tools-for-stm32.14.3.rel1.win32_1.0.100.202602081740/tools/bin/../lib/gcc/arm-none-eabi/14.3.1/thumb/v7e-m+fp/hard/crtbegin.o
 .init_array    0x08000c90        0x4 ./Src/spi1.o
                0x08000c94                        PROVIDE (__init_array_end = .)
                0x08000c94                        . = ALIGN (0x4)

.fini_array     0x08000c94        0x4
                0x08000c94                        . = ALIGN (0x4)
                [!provide]                        PROVIDE (__fini_array_start = .)
 *(SORT_BY_NAME(.fini_array.*))
 *(.fini_array*)
 .fini_array    0x08000c94        0x4 C:/ST/STM32CubeIDE_1.19.0/STM32CubeIDE/plugins/com.st.stm32cube.ide.mcu.externaltools.gnu-tools-for-stm32.14.3.rel1.win32_1.0.100.202602081740/tools/bin/../lib/gcc/arm-none-eabi/14.3.1/thumb/v7e-m+fp/hard/crtbegin.o
                [!provide]                        PROVIDE (__fini_array_end = .)
                0x08000c98                        . = ALIGN (0x4)
                0x08000c98                        _sidata = LOADADDR (.data)

.rel.dyn        0x08000c98        0x0
 .rel.iplt      0x08000c98        0x0 C:/ST/STM32CubeIDE_1.19.0/STM32CubeIDE/plugins/com.st.stm32cube.ide.mcu.externaltools.gnu-tools-for-stm32.14.3.rel1.win32_1.0.100.202602081740/tools/bin/../lib/gcc/arm-none-eabi/14.3.1/thumb/v7e-m+fp/hard/crtbegin.o

.data           0x20000000        0x4 load address 0x08000c98
                0x20000000                        . = ALIGN (0x4)
                0x20000000                        _sdata = .
 *(.data)
 *(.data*)
 .data.SystemCoreClock
                0x20000000        0x4 ./Src/timers.o
                0x20000000                SystemCoreClock
 *(.RamFunc)
 *(.RamFunc*)
                0x20000004                        . = ALIGN (0x4)
                0x20000004                        _edata = .
                0x08000c9c                        _siccmram = LOADADDR (.ccmram)

.igot.plt       0x20000004        0x0 load address 0x08000c9c
 .igot.plt      0x20000004        0x0 C:/ST/STM32CubeIDE_1.19.0/STM32CubeIDE/plugins/com.st.stm32cube.ide.mcu.externaltools.gnu-tools-for-stm32.14.3.rel1.win32_1.0.100.202602081740/tools/bin/../lib/gcc/arm-none-eabi/14.3.1/thumb/v7e-m+fp/hard/crtbegin.o

.ccmram         0x10000000        0x0 load address 0x08000c9c
                0x10000000                        . = ALIGN (0x4)
                0x10000000                        _sccmram = .
 *(.ccmram)
 *(.ccmram*)
                0x10000000                        . = ALIGN (0x4)
                0x10000000                        _eccmram = .
                0x10000000                        . = ALIGN (0x4)

.bss            0x20000004       0x38
                0x20000004                        _sbss = .
                0x20000004                        __bss_start__ = _sbss
 *(.bss)
 .bss           0x20000004       0x1c C:/ST/STM32CubeIDE_1.19.0/STM32CubeIDE/plugins/com.st.stm32cube.ide.mcu.externaltools.gnu-tools-for-stm32.14.3.rel1.win32_1.0.100.202602081740/tools/bin/../lib/gcc/arm-none-eabi/14.3.1/thumb/v7e-m+fp/hard/crtbegin.o
 *(.bss*)
 .bss.buf       0x20000020        0xa ./Src/main.o
                0x20000020                buf
 *fill*         0x2000002a        0x2 
 .bss.spi1      0x2000002c        0x8 ./Src/spi1.o
                0x2000002c                spi1
 .bss.msTicks   0x20000034        0x4 ./Src/timers.o
                0x20000034                msTicks
 .bss.countWakeUp
                0x20000038        0x4 ./Src/timers.o
                0x20000038                countWakeUp
 *(COMMON)
                0x2000003c                        . = ALIGN (0x4)
                0x2000003c                        _ebss = .
                0x2000003c                        __bss_end__ = _ebss

._user_heap_stack
                0x2000003c      0x604
                0x20000040                        . = ALIGN (0x8)
 *fill*         0x2000003c        0x4 
                [!provide]                        PROVIDE (end = .)
                0x20000040                        PROVIDE (_end = .)
                0x20000240                        . = (. + _Min_Heap_Size)
 *fill*         0x20000040      0x200 
                0x20000640                        . = (. + _Min_Stack_Size)
 *fill*         0x20000240      0x400 
                0x20000640                        . = ALIGN (0x8)

/DISCARD/
 libc.a(*)
 libm.a(*)
 libgcc.a(*)

.ARM.attributes
                0x00000000       0x30
 *(.ARM.attributes)
 .ARM.attributes
                0x00000000       0x22 C:/ST/STM32CubeIDE_1.19.0/STM32CubeIDE/plugins/com.st.stm32cube.ide.mcu.externaltools.gnu-tools-for-stm32.14.3.rel1.win32_1.0.100.202602081740/tools/bin/../lib/gcc/arm-none-eabi/14.3.1/thumb/v7e-m+fp/hard/crti.o
 .ARM.attributes
                0x00000022       0x34 C:/ST/STM32CubeIDE_1.19.0/STM32CubeIDE/plugins/com.st.stm32cube.ide.mcu.externaltools.gnu-tools-for-stm32.14.3.rel1.win32_1.0.100.202602081740/tools/bin/../lib/gcc/arm-none-eabi/14.3.1/thumb/v7e-m+fp/hard/crtbegin.o
 .ARM.attributes
                0x00000056       0x34 ./Src/main.o
 .ARM.attributes
                0x0000008a       0x34 ./Src/myConfig.o
 .ARM.attributes
                0x000000be       0x34 ./Src/spi1.o
 .ARM.attributes
                0x000000f2       0x34 ./Src/timers.o
 .ARM.attributes
                0x00000126       0x21 ./Startup/startup_stm32f469nihx.o
 .ARM.attributes
                0x00000147       0x34 C:/ST/STM32CubeIDE_1.19.0/STM32CubeIDE/plugins/com.st.stm32cube.ide.mcu.externaltools.gnu-tools-for-stm32.14.3.rel1.win32_1.0.100.202602081740/tools/bin/../lib/gcc/arm-none-eabi/14.3.1/../../../../arm-none-eabi/lib/thumb/v7e-m+fp/hard\libc_nano.a(libc_a-init.o)
 .ARM.attributes
                0x0000017b       0x22 C:/ST/STM32CubeIDE_1.19.0/STM32CubeIDE/plugins/com.st.stm32cube.ide.mcu.externaltools.gnu-tools-for-stm32.14.3.rel1.win32_1.0.100.202602081740/tools/bin/../lib/gcc/arm-none-eabi/14.3.1/thumb/v7e-m+fp/hard/crtn.o
OUTPUT(spi_driver_cpp.elf elf32-littlearm)
LOAD linker stubs
LOAD C:/ST/STM32CubeIDE_1.19.0/STM32CubeIDE/plugins/com.st.stm32cube.ide.mcu.externaltools.gnu-tools-for-stm32.14.3.rel1.win32_1.0.100.202602081740/tools/bin/../lib/gcc/arm-none-eabi/14.3.1/../../../../arm-none-eabi/lib/thumb/v7e-m+fp/hard\libc.a
LOAD C:/ST/STM32CubeIDE_1.19.0/STM32CubeIDE/plugins/com.st.stm32cube.ide.mcu.externaltools.gnu-tools-for-stm32.14.3.rel1.win32_1.0.100.202602081740/tools/bin/../lib/gcc/arm-none-eabi/14.3.1/../../../../arm-none-eabi/lib/thumb/v7e-m+fp/hard\libm.a
LOAD C:/ST/STM32CubeIDE_1.19.0/STM32CubeIDE/plugins/com.st.stm32cube.ide.mcu.externaltools.gnu-tools-for-stm32.14.3.rel1.win32_1.0.100.202602081740/tools/bin/../lib/gcc/arm-none-eabi/14.3.1/thumb/v7e-m+fp/hard\libgcc.a

.debug_info     0x00000000     0x5bf5
 .debug_info    0x00000000     0x1f71 ./Src/main.o
 .debug_info    0x00001f71      0xecb ./Src/myConfig.o
 .debug_info    0x00002e3c     0x1ebe ./Src/spi1.o
 .debug_info    0x00004cfa      0xecb ./Src/timers.o
 .debug_info    0x00005bc5       0x30 ./Startup/startup_stm32f469nihx.o

.debug_abbrev   0x00000000     0x109d
 .debug_abbrev  0x00000000      0x5d0 ./Src/main.o
 .debug_abbrev  0x000005d0      0x1a7 ./Src/myConfig.o
 .debug_abbrev  0x00000777      0x678 ./Src/spi1.o
 .debug_abbrev  0x00000def      0x28a ./Src/timers.o
 .debug_abbrev  0x00001079       0x24 ./Startup/startup_stm32f469nihx.o

.debug_loclists
                0x00000000      0xb05
 .debug_loclists
                0x00000000      0x1ba ./Src/main.o
 .debug_loclists
                0x000001ba       0x9e ./Src/myConfig.o
 .debug_loclists
                0x00000258      0x81f ./Src/spi1.o
 .debug_loclists
                0x00000a77       0x8e ./Src/timers.o

.debug_aranges  0x00000000      0x158
 .debug_aranges
                0x00000000       0x20 ./Src/main.o
 .debug_aranges
                0x00000020       0x38 ./Src/myConfig.o
 .debug_aranges
                0x00000058       0x90 ./Src/spi1.o
 .debug_aranges
                0x000000e8       0x48 ./Src/timers.o
 .debug_aranges
                0x00000130       0x28 ./Startup/startup_stm32f469nihx.o

.debug_rnglists
                0x00000000      0x145
 .debug_rnglists
                0x00000000       0x20 ./Src/main.o
 .debug_rnglists
                0x00000020       0x28 ./Src/myConfig.o
 .debug_rnglists
                0x00000048       0xa7 ./Src/spi1.o
 .debug_rnglists
                0x000000ef       0x3d ./Src/timers.o
 .debug_rnglists
                0x0000012c       0x19 ./Startup/startup_stm32f469nihx.o

.debug_macro    0x00000000    0x290ef
 .debug_macro   0x00000000      0x424 ./Src/main.o
 .debug_macro   0x00000424      0xc88 ./Src/main.o
 .debug_macro   0x000010ac       0x1c ./Src/main.o
 .debug_macro   0x000010c8       0x22 ./Src/main.o
 .debug_macro   0x000010ea       0x8e ./Src/main.o
 .debug_macro   0x00001178       0x51 ./Src/main.o
 .debug_macro   0x000011c9      0x103 ./Src/main.o
 .debug_macro   0x000012cc       0x6a ./Src/main.o
 .debug_macro   0x00001336      0x1df ./Src/main.o
 .debug_macro   0x00001515       0x10 ./Src/main.o
 .debug_macro   0x00001525      0x1f2 ./Src/main.o
 .debug_macro   0x00001717       0x10 ./Src/main.o
 .debug_macro   0x00001727       0xcf ./Src/main.o
 .debug_macro   0x000017f6       0xed ./Src/main.o
 .debug_macro   0x000018e3      0x464 ./Src/main.o
 .debug_macro   0x00001d47      0x8a1 ./Src/main.o
 .debug_macro   0x000025e8       0x10 ./Src/main.o
 .debug_macro   0x000025f8      0x89a ./Src/main.o
 .debug_macro   0x00002e92       0x10 ./Src/main.o
 .debug_macro   0x00002ea2      0x893 ./Src/main.o
 .debug_macro   0x00003735       0x94 ./Src/main.o
 .debug_macro   0x000037c9      0x915 ./Src/main.o
 .debug_macro   0x000040de       0x1c ./Src/main.o
 .debug_macro   0x000040fa      0x7f5 ./Src/main.o
 .debug_macro   0x000048ef       0x12 ./Src/main.o
 .debug_macro   0x00004901       0x4f ./Src/main.o
 .debug_macro   0x00004950       0x1f ./Src/main.o
 .debug_macro   0x0000496f       0x28 ./Src/main.o
 .debug_macro   0x00004997       0x2e ./Src/main.o
 .debug_macro   0x000049c5       0x16 ./Src/main.o
 .debug_macro   0x000049db      0x80a ./Src/main.o
 .debug_macro   0x000051e5       0x12 ./Src/main.o
 .debug_macro   0x000051f7       0x88 ./Src/main.o
 .debug_macro   0x0000527f       0x28 ./Src/main.o
 .debug_macro   0x000052a7      0x7fc ./Src/main.o
 .debug_macro   0x00005aa3       0x12 ./Src/main.o
 .debug_macro   0x00005ab5       0x1c ./Src/main.o
 .debug_macro   0x00005ad1      0x7d9 ./Src/main.o
 .debug_macro   0x000062aa       0x28 ./Src/main.o
 .debug_macro   0x000062d2      0x197 ./Src/main.o
 .debug_macro   0x00006469      0x7b6 ./Src/main.o
 .debug_macro   0x00006c1f       0x10 ./Src/main.o
 .debug_macro   0x00006c2f      0x7af ./Src/main.o
 .debug_macro   0x000073de       0x12 ./Src/main.o
 .debug_macro   0x000073f0      0x7a1 ./Src/main.o
 .debug_macro   0x00007b91       0x2e ./Src/main.o
 .debug_macro   0x00007bbf       0x28 ./Src/main.o
 .debug_macro   0x00007be7       0x1c ./Src/main.o
 .debug_macro   0x00007c03       0x22 ./Src/main.o
 .debug_macro   0x00007c25       0xfb ./Src/main.o
 .debug_macro   0x00007d20     0x1011 ./Src/main.o
 .debug_macro   0x00008d31      0x11f ./Src/main.o
 .debug_macro   0x00008e50    0x1d810 ./Src/main.o
 .debug_macro   0x00026660       0x6d ./Src/main.o
 .debug_macro   0x000266cd       0x61 ./Src/main.o
 .debug_macro   0x0002672e       0x2a ./Src/main.o
 .debug_macro   0x00026758       0x43 ./Src/main.o
 .debug_macro   0x0002679b       0x34 ./Src/main.o
 .debug_macro   0x000267cf       0x16 ./Src/main.o
 .debug_macro   0x000267e5       0x3c ./Src/main.o
 .debug_macro   0x00026821      0x380 ./Src/main.o
 .debug_macro   0x00026ba1       0x10 ./Src/main.o
 .debug_macro   0x00026bb1       0x16 ./Src/main.o
 .debug_macro   0x00026bc7       0x4a ./Src/main.o
 .debug_macro   0x00026c11       0x34 ./Src/main.o
 .debug_macro   0x00026c45       0x10 ./Src/main.o
 .debug_macro   0x00026c55       0x58 ./Src/main.o
 .debug_macro   0x00026cad       0x8e ./Src/main.o
 .debug_macro   0x00026d3b       0x16 ./Src/main.o
 .debug_macro   0x00026d51      0x17e ./Src/main.o
 .debug_macro   0x00026ecf       0x16 ./Src/main.o
 .debug_macro   0x00026ee5       0x16 ./Src/main.o
 .debug_macro   0x00026efb      0x138 ./Src/main.o
 .debug_macro   0x00027033       0x16 ./Src/main.o
 .debug_macro   0x00027049       0x20 ./Src/main.o
 .debug_macro   0x00027069       0x4c ./Src/main.o
 .debug_macro   0x000270b5       0xe8 ./Src/myConfig.o
 .debug_macro   0x0002719d      0xade ./Src/myConfig.o
 .debug_macro   0x00027c7b       0x8e ./Src/myConfig.o
 .debug_macro   0x00027d09     0x1011 ./Src/myConfig.o
 .debug_macro   0x00028d1a      0x2f9 ./Src/spi1.o
 .debug_macro   0x00029013       0xdc ./Src/timers.o

.debug_line     0x00000000     0x3d09
 .debug_line    0x00000000     0x1192 ./Src/main.o
 .debug_line    0x00001192      0x9a6 ./Src/myConfig.o
 .debug_line    0x00001b38     0x1aa8 ./Src/spi1.o
 .debug_line    0x000035e0      0x6ae ./Src/timers.o
 .debug_line    0x00003c8e       0x7b ./Startup/startup_stm32f469nihx.o

.debug_str      0x00000000    0xbc832
 .debug_str     0x00000000    0xbc832 ./Src/main.o
                              0xbc33c (size before relaxing)
 .debug_str     0x000bc832    0xafb11 ./Src/myConfig.o
 .debug_str     0x000bc832    0xb8513 ./Src/spi1.o
 .debug_str     0x000bc832    0xafb4a ./Src/timers.o
 .debug_str     0x000bc832       0x85 ./Startup/startup_stm32f469nihx.o

.comment        0x00000000       0x43
 .comment       0x00000000       0x43 ./Src/main.o
                                 0x44 (size before relaxing)
 .comment       0x00000043       0x44 ./Src/myConfig.o
 .comment       0x00000043       0x44 ./Src/spi1.o
 .comment       0x00000043       0x44 ./Src/timers.o

.debug_frame    0x00000000      0x2fc
 .debug_frame   0x00000000       0x28 ./Src/main.o
 .debug_frame   0x00000028       0x60 ./Src/myConfig.o
 .debug_frame   0x00000088      0x1d8 ./Src/spi1.o
 .debug_frame   0x00000260       0x70 ./Src/timers.o
 .debug_frame   0x000002d0       0x2c C:/ST/STM32CubeIDE_1.19.0/STM32CubeIDE/plugins/com.st.stm32cube.ide.mcu.externaltools.gnu-tools-for-stm32.14.3.rel1.win32_1.0.100.202602081740/tools/bin/../lib/gcc/arm-none-eabi/14.3.1/../../../../arm-none-eabi/lib/thumb/v7e-m+fp/hard\libc_nano.a(libc_a-init.o)

.debug_line_str
                0x00000000       0x69
 .debug_line_str
                0x00000000       0x69 ./Startup/startup_stm32f469nihx.o
