../Src/spi1.cpp:368:6:void Spi1_LowLevelInit()	0	static
../Src/spi1.cpp:5:1:SpiDriver::SpiDriver(const SpiHardwareConfig&)	0	static
../Src/spi1.cpp:56:6:void SpiDriver::ClearDmaFlags(DMA_Stream_TypeDef*)	0	static
../Src/spi1.cpp:22:6:void SpiDriver::ConfigureDma()	8	static,ignoring_inline_asm
../Src/spi1.cpp:7:14:BareM_Status SpiDriver::Init(BaudRatePrescaler)	16	static
../Src/spi1.cpp:79:14:BareM_Status SpiDriver::Receive(std::span<unsigned char>, uint32_t)	48	static
../Src/spi1.cpp:133:14:BareM_Status SpiDriver::Transmit_MainBody(std::span<const unsigned char>, uint32_t)	48	static
../Src/spi1.cpp:186:14:BareM_Status SpiDriver::TransmitReceive_MainBody(std::span<const unsigned char>, std::span<unsigned char>, uint32_t)	72	static
../Src/spi1.cpp:262:14:BareM_Status SpiDriver::Transmit_DMA(std::span<const unsigned char>)	24	static
../Src/spi1.cpp:283:14:BareM_Status SpiDriver::Receive_DMA(uint8_t*, uint32_t)	24	static
../Src/spi1.cpp:311:6:void SpiDriver::Handle_DMA_RX_IRQ()	8	static
../Src/spi1.cpp:320:6:void SpiDriver::Handle_DMA_TX_IRQ()	8	static
../Src/spi1.cpp:356:10:void DMA2_Stream2_IRQHandler()	8	static
../Src/spi1.cpp:361:10:void DMA2_Stream3_IRQHandler()	8	static
../Src/spi1.cpp:402:1:cpp)	8	static
