../Src/spi1.cpp:336:6:void Spi1_LowLevelInit()	0	static
../Src/spi1.cpp:5:1:SpiDriver::SpiDriver(const SpiHardwareConfig&)	0	static
../Src/spi1.cpp:56:6:void SpiDriver::ClearDmaFlags(DMA_Stream_TypeDef*)	0	static
../Src/spi1.cpp:22:6:void SpiDriver::ConfigureDma()	8	static,ignoring_inline_asm
../Src/spi1.cpp:7:14:BareM_Status SpiDriver::Init(BaudRatePrescaler)	16	static
../Src/spi1.cpp:75:14:BareM_Status SpiDriver::Transmit(const uint8_t*, uint32_t, uint32_t)	32	static
../Src/spi1.cpp:109:14:BareM_Status SpiDriver::Receive(uint8_t*, uint32_t, uint32_t)	40	static
../Src/spi1.cpp:150:14:BareM_Status SpiDriver::TransmitReceive_PollingLoop(std::span<const unsigned char>, std::span<unsigned char>, uint32_t)	72	static
../Src/spi1.cpp:230:14:BareM_Status SpiDriver::Transmit_DMA(std::span<const unsigned char>)	24	static
../Src/spi1.cpp:251:14:BareM_Status SpiDriver::Receive_DMA(uint8_t*, uint32_t)	24	static
../Src/spi1.cpp:279:6:void SpiDriver::Handle_DMA_RX_IRQ()	8	static
../Src/spi1.cpp:288:6:void SpiDriver::Handle_DMA_TX_IRQ()	8	static
../Src/spi1.cpp:324:10:void DMA2_Stream2_IRQHandler()	8	static
../Src/spi1.cpp:329:10:void DMA2_Stream3_IRQHandler()	8	static
../Src/spi1.cpp:370:1:cpp)	8	static
